
> react-typescript-starter@0.1.0 test
> react-scripts test --coverage

Browserslist: caniuse-lite is outdated. Please run:
  npx browserslist@latest --update-db
  Why you should do it regularly: https://github.com/browserslist/browserslist#browsers-data-updating
PASS src/arrays.test.ts
  ● Console

    console.log
      Index of neg: -1

      at injectPositive (src/arrays.ts:157:13)

    console.log
      Index of neg: -1

      at injectPositive (src/arrays.ts:157:13)

    console.log
      Index of neg: -1

      at injectPositive (src/arrays.ts:157:13)

    console.log
      Index of neg: -1

      at injectPositive (src/arrays.ts:157:13)

    console.log
      Index of neg: 3

      at injectPositive (src/arrays.ts:157:13)

    console.log
      Index of neg: 0

      at injectPositive (src/arrays.ts:157:13)

    console.log
      Index of neg: -1

      at injectPositive (src/arrays.ts:157:13)

PASS src/HtmlCss.test.tsx
PASS src/functions.test.ts
PASS src/text.test.tsx
PASS src/App.test.tsx
--------------|---------|----------|---------|---------|-------------------
File          | % Stmts | % Branch | % Funcs | % Lines | Uncovered Line #s 
--------------|---------|----------|---------|---------|-------------------
All files     |   98.76 |    97.61 |     100 |   98.71 |                   
 App.tsx      |     100 |      100 |     100 |     100 |                   
 arrays.ts    |   98.38 |    96.15 |     100 |    98.3 | 10                
 functions.ts |     100 |      100 |     100 |     100 |                   
--------------|---------|----------|---------|---------|-------------------

Test Suites: 5 passed, 5 total
Tests:       23 passed, 23 total
Snapshots:   0 total
Time:        3.617 s
Ran all test suites.
